     VMA      LMA     Size Align Out     In      Symbol
  827e00   827e00       c4     4 .trial_stock_health_commit
  827e00   827e00       c4     4         /Users/akashanand/Claude_Whip/firmware/unified/build-20260924-raw-ingress-v1/stock_health_commit.o:(.text)
  827e00   827e00        0     1                 $t
  827e01   827e01       c4     1                 wsc_commit_health
  827ec4   827ec4        0     1 
  827f20   827f20      186     4 .trial_stock_timer_fence
  827f20   827f20      186     4         /Users/akashanand/Claude_Whip/firmware/unified/build-20260924-raw-ingress-v1/stock_timer_fence.o:(.text)
  827f20   827f20        0     1                 $t
  827f21   827f21       38     1                 wf_init
  827f59   827f59       b8     1                 wf_request
  828004   828004        0     1                 $d
  828010   828010        0     1                 $t
  828011   828011       1e     1                 timer_passed
  82802f   82802f       46     1                 wf_complete
  828075   828075       32     1                 wf_abandon
  8280a6   8280a6        0     1 
  8280b8   8280b8      220     4 .trial_mode_controller
  8280b8   8280b8      220     4         /Users/akashanand/Claude_Whip/firmware/unified/build-20260924-raw-ingress-v1/mode_controller.o:(.text)
  8280b8   8280b8        0     1                 $t
  8280b9   8280b9        e     1                 wm_init
  8280c7   8280c7       2c     1                 wm_link
  8280f3   8280f3       1a     1                 leave
  82810d   82810d       60     1                 wm_request
  82816d   82816d       3c     1                 wm_tick
  8281a9   8281a9       20     1                 issue
  8281c4   8281c4        0     1                 $d
  8281c8   8281c8        0     1                 $t
  8281c9   8281c9       90     1                 wm_complete
  8281f8   8281f8        0     1                 $d
  8281fe   8281fe        0     1                 $t
  828254   828254        0     1                 $d
  828258   828258        0     1                 $t
  828259   828259       50     1                 wm_renew
  8282a4   8282a4        0     1                 $d
  8282a8   8282a8        0     1                 $t
  8282a9   8282a9        8     1                 wm_optics_allowed
  8282b1   8282b1       1e     1                 wm_stream_failed
  8282cf   8282cf        a     1                 wm_optical_start_allowed
  8282d8   8282d8        0     1 
  829a78   829a78       50     4 .trial_stock_result_commit
  829a78   829a78       50     4         /Users/akashanand/Claude_Whip/firmware/unified/build-20260924-raw-ingress-v1/stock_result_commit.o:(.text)
  829a78   829a78        0     1                 $t
  829a79   829a79       50     1                 wrc_commit_hr
  829ac4   829ac4        0     1                 $d
  829ac8   829ac8        0     1 
  829ad0   829ad0       30     4 .trial_stock_schedule_settings
  829ad0   829ad0       30     4         /Users/akashanand/Claude_Whip/firmware/unified/build-20260924-raw-ingress-v1/stock_schedule_settings.o:(.text)
  829ad0   829ad0        0     1                 $t
  829ad1   829ad1       30     1                 wss_read_controls
  829af8   829af8        0     1                 $d
  829b00   829b00        0     1 
  829b30   829b30       98     4 .trial_compiler_runtime
  829b30   829b30       98     4         /Users/akashanand/Claude_Whip/firmware/unified/build-20260924-raw-ingress-v1/stock-address/compiler_runtime.o:(.text)
  829b30   829b30        0     1                 $t
  829b31   829b31       10     1                 __aeabi_memclr4
  829b41   829b41       12     1                 __aeabi_memcpy
  829b53   829b53        8     1                 __aeabi_memcpy4
  829b5b   829b5b       26     1                 __aeabi_memmove4
  829b81   829b81       48     1                 __aeabi_uidiv
  829bc8   829bc8        0     1 
  829bcc   829bcc       80     4 .trial_stock_binding
  829bcc   829bcc       80     4         /Users/akashanand/Claude_Whip/firmware/unified/build-20260924-raw-ingress-v1/stock_binding.o:(.text)
  829bcc   829bcc        0     1                 $t
  829bcd   829bcd       80     1                 wb_stock_stop_writes
  829c3c   829c3c        0     1                 $d
  829c4c   829c4c        0     1 
  82aab8   82aab8      124     4 .trial_stock_health_timers
  82aab8   82aab8      124     4         /Users/akashanand/Claude_Whip/firmware/unified/build-20260924-raw-ingress-v1/stock_health_timers.o:(.text)
  82aab8   82aab8        0     1                 $t
  82aab9   82aab9       ec     1                 wht_stop_reviewed
  82ab94   82ab94        0     1                 $d
  82aba4   82aba4        0     1                 $t
  82aba5   82aba5       28     1                 ram_span
  82abcd   82abcd       10     1                 wht_stop_scheduled
  82abdc   82abdc        0     1 
  82abec   82abec       40     4 .trial_stock_legacy_gate
  82abec   82abec       40     4         /Users/akashanand/Claude_Whip/firmware/unified/build-20260924-raw-ingress-v1/stock_legacy_gate.o:(.text)
  82abec   82abec        0     1                 $t
  82abed   82abed       40     1                 wlg_receive
  82ac20   82ac20        0     1                 $d
  82ac2c   82ac2c        0     1 
  847ad0   847ad0     2640     4 .text
  847ad0   847ad0      13e     4         /Users/akashanand/Claude_Whip/firmware/unified/build-20260924-raw-ingress-v1/sample_tap.o:(.text)
  847ad0   847ad0        0     1                 $t
  847ad1   847ad1        a     1                 wt_init
  847adb   847adb       2a     1                 wt_start
  847b05   847b05       12     1                 wt_stop
  847b17   847b17       ac     1                 wt_offer
  847bc3   847bc3       4c     1                 wt_take
  847c10   847c10      2f0     4         /Users/akashanand/Claude_Whip/firmware/unified/build-20260924-raw-ingress-v1/runtime.o:(.text)
  847c10   847c10        0     1                 $t
  847c11   847c11       1e     1                 wr_init
  847c2f   847c2f       2c     1                 wr_tick
  847c5b   847c5b       20     1                 discard_if_not_gesture
  847c7b   847c7b       14     1                 wr_link
  847c8f   847c8f       14     1                 wr_request
  847ca3   847ca3       6c     1                 wr_complete
  847d0f   847d0f       c8     1                 wr_offer
  847dd7   847dd7       8c     1                 wr_next
  847e63   847e63       68     1                 wr_sent
  847ecb   847ecb       36     1                 wr_renew
  847f00   847f00      40c     4         /Users/akashanand/Claude_Whip/firmware/unified/build-20260924-raw-ingress-v1/health_adapter.o:(.text)
  847f00   847f00        0     1                 $t
  847f01   847f01       10     1                 wh_fail
  847f11   847f11       32     1                 wh_init
  847f43   847f43       40     1                 wh_begin_quiesce
  847f83   847f83       3c     1                 wh_cancelled
  847fbf   847fbf       34     1                 wh_fenced
  847ff3   847ff3       20     1                 drained
  848013   848013       54     1                 wh_stopped
  848067   848067       1a     1                 wh_quiesced
  848081   848081       1e     1                 quiet
  84809f   84809f       22     1                 wh_retirement_allowed
  8480c1   8480c1       64     1                 wh_begin_resume
  848125   848125       50     1                 wh_resume_ready
  848175   848175       2e     1                 wh_can_commit
  8481a3   8481a3       48     1                 wh_commit_health
  8481eb   8481eb       58     1                 wh_job_begin
  848243   848243       30     1                 wh_run_begin
  848273   848273       24     1                 ticket_matches
  848297   848297       32     1                 wh_run_end
  8482c9   8482c9       1a     1                 wh_result_allowed
  8482e3   8482e3       2a     1                 wh_job_end
  84830c   84830c      3ec     4         /Users/akashanand/Claude_Whip/firmware/unified/build-20260924-raw-ingress-v1/fresh_source.o:(.text)
  84830c   84830c        0     1                 $t
  84830d   84830d       32     1                 ws_set_bounds
  848341   848341       90     1                 ws_profile_valid
  8483cc   8483cc        0     1                 $d
  8483d0   8483d0        0     1                 $t
  8483d1   8483d1        a     1                 ws_init
  8483db   8483db       52     1                 ws_start
  84842d   84842d       12     1                 ws_stop
  84843f   84843f       38     1                 ws_tick
  848477   848477      282     1                 ws_observe
  8486f8   8486f8      6f6     4         /Users/akashanand/Claude_Whip/firmware/unified/build-20260924-raw-ingress-v1/adapter.o:(.text)
  8486f8   8486f8        0     1                 $t
  8486f9   8486f9       32     1                 wa_init
  84872b   84872b       44     1                 wa_prepare
  84876f   84876f       18     1                 wa_health_passthrough
  848787   848787       1c     1                 inventory
  8487a3   8487a3       2a     1                 wa_health_allowed
  8487cd   8487cd       8c     1                 wa_tick
  848859   848859       1a     1                 source_failed
  848873   848873       24     1                 stop_unless_observing
  848897   848897       14     1                 wa_link
  8488ab   8488ab       9e     1                 wa_request
  848949   848949       2a     1                 wa_cancelled
  848973   848973       44     1                 health_receipt
  8489b7   8489b7       24     1                 wa_fenced
  8489db   8489db       7c     1                 wa_optics_stopped
  848a57   848a57       c6     1                 wa_physical_done
  848b1d   848b1d       24     1                 action_matches
  848b41   848b41       30     1                 wa_action_failed
  848b71   848b71       ac     1                 wa_observe
  848c1d   848c1d       42     1                 wa_begin_resume
  848c5f   848c5f       48     1                 wa_resume_ready
  848ca7   848ca7       a8     1                 wa_commit_health
  848d4f   848d4f       34     1                 wa_next
  848d83   848d83       38     1                 wa_sent
  848dbb   848dbb       34     1                 wa_renew
  848df0   848df0      3cc     4         /Users/akashanand/Claude_Whip/firmware/unified/build-20260924-raw-ingress-v1/wire.o:(.text)
  848df0   848df0        0     1                 $t
  848df1   848df1       16     1                 ww_get32
  848e07   848e07       14     1                 ww_put32
  848e1d   848e1d       38     1                 ww_crc
  848e4c   848e4c        0     1                 $d
  848e54   848e54        0     1                 $t
  848e55   848e55      118     1                 ww_body_valid
  848f6d   848f6d       a0     1                 ww_pack_control
  84900d   84900d       12     1                 seal
  84901f   84901f       60     1                 ww_rx_begin
  84907f   84907f       14     1                 reject
  849093   849093       bc     1                 ww_rx_feed
  84914f   84914f       6e     1                 ww_pack_motion
  8491bc   8491bc      4b2     4         /Users/akashanand/Claude_Whip/firmware/unified/build-20260924-raw-ingress-v1/dispatch.o:(.text)
  8491bc   8491bc        0     1                 $t
  8491bd   8491bd       36     1                 wd_init
  8491f3   8491f3       38     1                 wd_open
  84922b   84922b       28     1                 wd_close
  849253   849253       46     1                 close_current
  849299   849299       36     1                 wd_charging
  8492d1   8492d1       c8     1                 wd_tick
  849394   849394        0     1                 $d
  849398   849398        0     1                 $t
  849399   849399       88     1                 ready
  84941c   84941c        0     1                 $d
  849420   849420        0     1                 $t
  849421   849421      158     1                 wd_receive
  849570   849570        0     1                 $d
  849578   849578        0     1                 $t
  849579   849579       6a     1                 wd_reply_next
  8495e3   8495e3       8c     1                 wd_reply_sent
  849670   849670       b0     4         /Users/akashanand/Claude_Whip/firmware/unified/build-20260924-raw-ingress-v1/stock_transport.o:(.text)
  849670   849670        0     1                 $t
  849671   849671       80     1                 wg_stock_add
  8496e8   8496e8        0     1                 $d
  8496f0   8496f0        0     1                 $t
  8496f1   8496f1       30     1                 wg_stock_notify20
  84971c   84971c        0     1                 $d
  849720   849720      144     4         /Users/akashanand/Claude_Whip/firmware/unified/build-20260924-raw-ingress-v1/stock_optical_work.o:(.text)
  849720   849720        0     1                 $t
  849721   849721       bc     1                 wop_read
  8497d8   8497d8        0     1                 $d
  8497dc   8497dc        0     1                 $t
  8497dd   8497dd       3c     1                 enter
  849814   849814        0     1                 $d
  849818   849818        0     1                 $t
  849819   849819       4c     1                 wop_retire
  849860   849860        0     1                 $d
  849864   849864       94     4         /Users/akashanand/Claude_Whip/firmware/unified/build-20260924-raw-ingress-v1/stock_optical_io.o:(.text)
  849864   849864        0     1                 $t
  849865   849865       94     1                 woi_samples_io
  8498ec   8498ec        0     1                 $d
  8498f8   8498f8        0     4         /Users/akashanand/Claude_Whip/firmware/unified/build-20260924-raw-ingress-v1/stock_service.o:(.text)
  8498f8   8498f8      452     4         /Users/akashanand/Claude_Whip/firmware/unified/build-20260924-raw-ingress-v1/stock_coordinator.o:(.text)
  8498f8   8498f8        0     1                 $t
  8498f9   8498f9       1c     1                 wc_init
  849915   849915      200     1                 wc_pump
  849b15   849b15       22     1                 context
  849b37   849b37       30     1                 retired_pause
  849b67   849b67       42     1                 closing
  849ba9   849ba9       18     1                 failed
  849bc1   849bc1       c4     1                 wc_optics_stopped
  849c85   849c85       8a     1                 wc_resume_prepared
  849d0f   849d0f       3c     1                 wc_physical_done
  849d4c   849d4c       7a     4         /Users/akashanand/Claude_Whip/firmware/unified/research-20260924-discovery-budget-v1/discovery.o:(.text)
  849d4c   849d4c        0     1                 $t
  849d4d   849d4d       58     1                 wdi_encode
  849da0   849da0        0     1                 $d
  849da4   849da4        0     1                 $t
  849da5   849da5       22     1                 wdi_read
  849dc8   849dc8      1e0     4         /Users/akashanand/Claude_Whip/firmware/unified/research-20260925-owner-wait-v1/control_mailbox.o:(.text)
  849dc8   849dc8        0     1                 $t
  849dc9   849dc9        e     1                 wim_init
  849dd7   849dd7       34     1                 wim_open
  849e0b   849e0b       78     1                 wim_post
  849e83   849e83       4c     1                 wim_close
  849ed1   849ed1       98     1                 wim_take
  849f64   849f64        0     1                 $d
  849f68   849f68        0     1                 $t
  849f69   849f69       40     1                 wim_retire
  849fa8   849fa8       48     4         /Users/akashanand/Claude_Whip/firmware/unified/research-20260925-owner-wait-v1/stock_supervisor_wait.o:(.text)
  849fa8   849fa8        0     1                 $t
  849fa9   849fa9       48     1                 wuw_take
  849fec   849fec        0     1                 $d
  849ff0   849ff0       30     4         /Users/akashanand/Claude_Whip/firmware/unified/build-20260924-raw-ingress-v1/stock_health_timers.o:(.rodata)
  849ff0   849ff0       30     1                 wht_stop_reviewed.slots
  84a020   84a020       f0     4         /Users/akashanand/Claude_Whip/firmware/unified/build-20260924-raw-ingress-v1/stock_service.o:(.rodata)
  84a020   84a020       10     1                 wgd_service_uuid
  84a030   84a030       e0     1                 wgd_database
  84a110   84a110       10     4 .ARM.exidx
  84a110   84a110       10     4         <internal>:(.ARM.exidx)
  84a120   84a120        0     1 
       0        0       45     1 .ARM.attributes
       0        0       45     1         /Users/akashanand/Claude_Whip/firmware/unified/build-20260924-raw-ingress-v1/mode_controller.o:(.ARM.attributes)
       0        0      e70     4 .symtab
       0        0      e70     4         <internal>:(.symtab)
       0        0      122     1 .shstrtab
       0        0      122     1         <internal>:(.shstrtab)
       0        0      924     1 .strtab
       0        0      924     1         <internal>:(.strtab)
