     VMA      LMA     Size Align Out     In      Symbol
  827e00   827e00       c4     4 .trial_stock_health_commit
  827e00   827e00       c4     4         /Users/akashanand/Claude_Whip/firmware/unified/research-20260925-uart-mux-fit-lead-v1/first/stock_health_commit.o:(.text)
  827e00   827e00        0     1                 $t
  827e01   827e01       c4     1                 wsc_commit_health
  827ec4   827ec4        0     1 
  827f20   827f20      186     4 .trial_stock_timer_fence
  827f20   827f20      186     4         /Users/akashanand/Claude_Whip/firmware/unified/research-20260925-uart-mux-fit-lead-v1/first/stock_timer_fence.o:(.text)
  827f20   827f20        0     1                 $t
  827f21   827f21       38     1                 wf_init
  827f59   827f59       b8     1                 wf_request
  828004   828004        0     1                 $d
  828010   828010        0     1                 $t
  828011   828011       1e     1                 timer_passed
  82802f   82802f       46     1                 wf_complete
  828075   828075       32     1                 wf_abandon
  8280a6   8280a6        0     1 
  8280b8   8280b8      220     4 .trial_mode_controller
  8280b8   8280b8      220     4         /Users/akashanand/Claude_Whip/firmware/unified/research-20260925-uart-mux-fit-lead-v1/first/mode_controller.o:(.text)
  8280b8   8280b8        0     1                 $t
  8280b9   8280b9        e     1                 wm_init
  8280c7   8280c7       2c     1                 wm_link
  8280f3   8280f3       1a     1                 leave
  82810d   82810d       60     1                 wm_request
  82816d   82816d       3c     1                 wm_tick
  8281a9   8281a9       20     1                 issue
  8281c4   8281c4        0     1                 $d
  8281c8   8281c8        0     1                 $t
  8281c9   8281c9       90     1                 wm_complete
  8281f8   8281f8        0     1                 $d
  8281fe   8281fe        0     1                 $t
  828254   828254        0     1                 $d
  828258   828258        0     1                 $t
  828259   828259       50     1                 wm_renew
  8282a4   8282a4        0     1                 $d
  8282a8   8282a8        0     1                 $t
  8282a9   8282a9        8     1                 wm_optics_allowed
  8282b1   8282b1       1e     1                 wm_stream_failed
  8282cf   8282cf        a     1                 wm_optical_start_allowed
  8282d8   8282d8        0     1 
  829a78   829a78       50     4 .trial_stock_result_commit
  829a78   829a78       50     4         /Users/akashanand/Claude_Whip/firmware/unified/research-20260925-uart-mux-fit-lead-v1/first/stock_result_commit.o:(.text)
  829a78   829a78        0     1                 $t
  829a79   829a79       50     1                 wrc_commit_hr
  829ac4   829ac4        0     1                 $d
  829ac8   829ac8        0     1 
  829ad0   829ad0       30     4 .trial_stock_schedule_settings
  829ad0   829ad0       30     4         /Users/akashanand/Claude_Whip/firmware/unified/research-20260925-uart-mux-fit-lead-v1/first/stock_schedule_settings.o:(.text)
  829ad0   829ad0        0     1                 $t
  829ad1   829ad1       30     1                 wss_read_controls
  829af8   829af8        0     1                 $d
  829b00   829b00        0     1 
  829b30   829b30       98     4 .trial_compiler_runtime
  829b30   829b30       98     4         /Users/akashanand/Claude_Whip/firmware/unified/research-20260925-uart-mux-fit-lead-v1/first/compiler_runtime.o:(.text)
  829b30   829b30        0     1                 $t
  829b31   829b31       10     1                 __aeabi_memclr4
  829b41   829b41       12     1                 __aeabi_memcpy
  829b53   829b53        8     1                 __aeabi_memcpy4
  829b5b   829b5b       26     1                 __aeabi_memmove4
  829b81   829b81       48     1                 __aeabi_uidiv
  829bc8   829bc8        0     1 
  829bcc   829bcc       80     4 .trial_stock_binding
  829bcc   829bcc       80     4         /Users/akashanand/Claude_Whip/firmware/unified/research-20260925-uart-mux-fit-lead-v1/first/stock_binding.o:(.text)
  829bcc   829bcc        0     1                 $t
  829bcd   829bcd       80     1                 wb_stock_stop_writes
  829c3c   829c3c        0     1                 $d
  829c4c   829c4c        0     1 
  82aab8   82aab8      124     4 .trial_stock_health_timers
  82aab8   82aab8      124     4         /Users/akashanand/Claude_Whip/firmware/unified/research-20260925-uart-mux-fit-lead-v1/first/stock_health_timers.o:(.text)
  82aab8   82aab8        0     1                 $t
  82aab9   82aab9       ec     1                 wht_stop_reviewed
  82ab94   82ab94        0     1                 $d
  82aba4   82aba4        0     1                 $t
  82aba5   82aba5       28     1                 ram_span
  82abcd   82abcd       10     1                 wht_stop_scheduled
  82abdc   82abdc        0     1 
  82db44   82db44       2a     2 .fee7_helper
  82db44   82db44       2a     2         /Users/akashanand/Claude_Whip/firmware/unified/research-20260925-uart-mux-fit-lead-v1/first/sample_tap.o:(.text.wt_start)
  82db44   82db44        0     1                 $t
  82db45   82db45       2a     1                 wt_start
  82db6e   82db6e        0     1 
  82db70   82db70        e     2 .fee7_indicate
  82db70   82db70        e     2         /Users/akashanand/Claude_Whip/firmware/unified/research-20260925-uart-mux-fit-lead-v1/first/control_mailbox.o:(.text.wim_init)
  82db70   82db70        0     1                 $t
  82db71   82db71        e     1                 wim_init
  82db7e   82db7e        0     1 
  82db82   82db82       24     2 .fee7_confirm
  82db82   82db82       24     2         /Users/akashanand/Claude_Whip/firmware/unified/research-20260925-uart-mux-fit-lead-v1/first/adapter.o:(.text.action_matches)
  82db82   82db82        0     1                 $t
  82db83   82db83       24     1                 action_matches
  82dba6   82dba6        0     1 
  82dba6   82dba6       a0     2 .fee7_read
  82dba6   82dba6       82     2         /Users/akashanand/Claude_Whip/firmware/unified/research-20260925-uart-mux-fit-lead-v1/first/control_mailbox.o:(.text.wim_post)
  82dba6   82dba6        0     1                 $t
  82dba7   82dba7       82     1                 wim_post
  82dc28   82dc28       1e     2         /Users/akashanand/Claude_Whip/firmware/unified/research-20260925-uart-mux-fit-lead-v1/first/runtime.o:(.text.wr_init)
  82dc28   82dc28        0     1                 $t
  82dc29   82dc29       1e     1                 wr_init
  82dc46   82dc46        0     1 
  82dc50   82dc50       6e     4 .fee7_write
  82dc50   82dc50       5c     4         /Users/akashanand/Claude_Whip/firmware/unified/research-20260925-uart-mux-fit-lead-v1/first/stock_uart_mux.o:(.text)
  82dc50   82dc50        0     1                 $t
  82dc51   82dc51       5c     1                 wlg_receive
  82dca0   82dca0        0     1                 $d
  82dcac   82dcac       12     2         /Users/akashanand/Claude_Whip/firmware/unified/research-20260925-uart-mux-fit-lead-v1/first/sample_tap.o:(.text.wt_stop)
  82dcac   82dcac        0     1                 $t
  82dcad   82dcad       12     1                 wt_stop
  82dcbe   82dcbe        0     1 
  82dcc0   82dcc0       4c     4 .fee7_cccd
  82dcc0   82dcc0       4c     4         /Users/akashanand/Claude_Whip/firmware/unified/research-20260925-uart-mux-fit-lead-v1/first/stock_optical_work.o:(.text.wop_retire)
  82dcc0   82dcc0        0     1                 $t
  82dcc1   82dcc1       4c     1                 wop_retire
  82dd08   82dd08        0     1                 $d
  82dd0c   82dd0c        0     1 
  82dd10   82dd10       3c     4 .fee7_add
  82dd10   82dd10       3c     4         /Users/akashanand/Claude_Whip/firmware/unified/research-20260925-uart-mux-fit-lead-v1/first/stock_optical_work.o:(.text.enter)
  82dd10   82dd10        0     1                 $t
  82dd11   82dd11       3c     1                 enter
  82dd48   82dd48        0     1                 $d
  82dd4c   82dd4c        0     1 
  8442c0   8442c0       fc     4 .fee7_database
  8442c0   8442c0       bc     4         /Users/akashanand/Claude_Whip/firmware/unified/research-20260925-uart-mux-fit-lead-v1/first/stock_optical_work.o:(.text.wop_read)
  8442c0   8442c0        0     1                 $t
  8442c1   8442c1       bc     1                 wop_read
  844378   844378        0     1                 $d
  84437c   84437c       40     2         /Users/akashanand/Claude_Whip/firmware/unified/research-20260925-uart-mux-fit-lead-v1/first/control_mailbox.o:(.text.wim_retire)
  84437c   84437c        0     1                 $t
  84437d   84437d       40     1                 wim_retire
  8443bc   8443bc        0     1 
  8443bc   8443bc        a     2 .fee7_callbacks
  8443bc   8443bc        a     2         /Users/akashanand/Claude_Whip/firmware/unified/research-20260925-uart-mux-fit-lead-v1/first/sample_tap.o:(.text.wt_init)
  8443bc   8443bc        0     1                 $t
  8443bd   8443bd        a     1                 wt_init
  8443c6   8443c6        0     1 
  847ad0   847ad0     24fc     4 .text
  847ad0   847ad0        0     4         /Users/akashanand/Claude_Whip/firmware/unified/research-20260925-uart-mux-fit-lead-v1/first/adapter.o:(.text)
  847ad0   847ad0       32     2         /Users/akashanand/Claude_Whip/firmware/unified/research-20260925-uart-mux-fit-lead-v1/first/adapter.o:(.text.wa_init)
  847ad0   847ad0        0     1                 $t
  847ad1   847ad1       32     1                 wa_init
  847b02   847b02       44     2         /Users/akashanand/Claude_Whip/firmware/unified/research-20260925-uart-mux-fit-lead-v1/first/adapter.o:(.text.wa_prepare)
  847b02   847b02        0     1                 $t
  847b03   847b03       44     1                 wa_prepare
  847b46   847b46       18     2         /Users/akashanand/Claude_Whip/firmware/unified/research-20260925-uart-mux-fit-lead-v1/first/adapter.o:(.text.wa_health_passthrough)
  847b46   847b46        0     1                 $t
  847b47   847b47       18     1                 wa_health_passthrough
  847b5e   847b5e       1c     2         /Users/akashanand/Claude_Whip/firmware/unified/research-20260925-uart-mux-fit-lead-v1/first/adapter.o:(.text.inventory)
  847b5e   847b5e        0     1                 $t
  847b5f   847b5f       1c     1                 inventory
  847b7a   847b7a       2a     2         /Users/akashanand/Claude_Whip/firmware/unified/research-20260925-uart-mux-fit-lead-v1/first/adapter.o:(.text.wa_health_allowed)
  847b7a   847b7a        0     1                 $t
  847b7b   847b7b       2a     1                 wa_health_allowed
  847ba4   847ba4       8c     2         /Users/akashanand/Claude_Whip/firmware/unified/research-20260925-uart-mux-fit-lead-v1/first/adapter.o:(.text.wa_tick)
  847ba4   847ba4        0     1                 $t
  847ba5   847ba5       8c     1                 wa_tick
  847c30   847c30       1a     2         /Users/akashanand/Claude_Whip/firmware/unified/research-20260925-uart-mux-fit-lead-v1/first/adapter.o:(.text.source_failed)
  847c30   847c30        0     1                 $t
  847c31   847c31       1a     1                 source_failed
  847c4a   847c4a       24     2         /Users/akashanand/Claude_Whip/firmware/unified/research-20260925-uart-mux-fit-lead-v1/first/adapter.o:(.text.stop_unless_observing)
  847c4a   847c4a        0     1                 $t
  847c4b   847c4b       24     1                 stop_unless_observing
  847c6e   847c6e       14     2         /Users/akashanand/Claude_Whip/firmware/unified/research-20260925-uart-mux-fit-lead-v1/first/adapter.o:(.text.wa_link)
  847c6e   847c6e        0     1                 $t
  847c6f   847c6f       14     1                 wa_link
  847c82   847c82       9e     2         /Users/akashanand/Claude_Whip/firmware/unified/research-20260925-uart-mux-fit-lead-v1/first/adapter.o:(.text.wa_request)
  847c82   847c82        0     1                 $t
  847c83   847c83       9e     1                 wa_request
  847d20   847d20       2a     2         /Users/akashanand/Claude_Whip/firmware/unified/research-20260925-uart-mux-fit-lead-v1/first/adapter.o:(.text.wa_cancelled)
  847d20   847d20        0     1                 $t
  847d21   847d21       2a     1                 wa_cancelled
  847d4a   847d4a       44     2         /Users/akashanand/Claude_Whip/firmware/unified/research-20260925-uart-mux-fit-lead-v1/first/adapter.o:(.text.health_receipt)
  847d4a   847d4a        0     1                 $t
  847d4b   847d4b       44     1                 health_receipt
  847d8e   847d8e       24     2         /Users/akashanand/Claude_Whip/firmware/unified/research-20260925-uart-mux-fit-lead-v1/first/adapter.o:(.text.wa_fenced)
  847d8e   847d8e        0     1                 $t
  847d8f   847d8f       24     1                 wa_fenced
  847db2   847db2       7c     2         /Users/akashanand/Claude_Whip/firmware/unified/research-20260925-uart-mux-fit-lead-v1/first/adapter.o:(.text.wa_optics_stopped)
  847db2   847db2        0     1                 $t
  847db3   847db3       7c     1                 wa_optics_stopped
  847e2e   847e2e       c6     2         /Users/akashanand/Claude_Whip/firmware/unified/research-20260925-uart-mux-fit-lead-v1/first/adapter.o:(.text.wa_physical_done)
  847e2e   847e2e        0     1                 $t
  847e2f   847e2f       c6     1                 wa_physical_done
  847ef4   847ef4       30     2         /Users/akashanand/Claude_Whip/firmware/unified/research-20260925-uart-mux-fit-lead-v1/first/adapter.o:(.text.wa_action_failed)
  847ef4   847ef4        0     1                 $t
  847ef5   847ef5       30     1                 wa_action_failed
  847f24   847f24       ac     2         /Users/akashanand/Claude_Whip/firmware/unified/research-20260925-uart-mux-fit-lead-v1/first/adapter.o:(.text.wa_observe)
  847f24   847f24        0     1                 $t
  847f25   847f25       ac     1                 wa_observe
  847fd0   847fd0       42     2         /Users/akashanand/Claude_Whip/firmware/unified/research-20260925-uart-mux-fit-lead-v1/first/adapter.o:(.text.wa_begin_resume)
  847fd0   847fd0        0     1                 $t
  847fd1   847fd1       42     1                 wa_begin_resume
  848012   848012       48     2         /Users/akashanand/Claude_Whip/firmware/unified/research-20260925-uart-mux-fit-lead-v1/first/adapter.o:(.text.wa_resume_ready)
  848012   848012        0     1                 $t
  848013   848013       48     1                 wa_resume_ready
  84805a   84805a       a8     2         /Users/akashanand/Claude_Whip/firmware/unified/research-20260925-uart-mux-fit-lead-v1/first/adapter.o:(.text.wa_commit_health)
  84805a   84805a        0     1                 $t
  84805b   84805b       a8     1                 wa_commit_health
  848102   848102       34     2         /Users/akashanand/Claude_Whip/firmware/unified/research-20260925-uart-mux-fit-lead-v1/first/adapter.o:(.text.wa_next)
  848102   848102        0     1                 $t
  848103   848103       34     1                 wa_next
  848136   848136       38     2         /Users/akashanand/Claude_Whip/firmware/unified/research-20260925-uart-mux-fit-lead-v1/first/adapter.o:(.text.wa_sent)
  848136   848136        0     1                 $t
  848137   848137       38     1                 wa_sent
  84816e   84816e       34     2         /Users/akashanand/Claude_Whip/firmware/unified/research-20260925-uart-mux-fit-lead-v1/first/adapter.o:(.text.wa_renew)
  84816e   84816e        0     1                 $t
  84816f   84816f       34     1                 wa_renew
  8481a4   8481a4        0     4         /Users/akashanand/Claude_Whip/firmware/unified/research-20260925-uart-mux-fit-lead-v1/first/control_mailbox.o:(.text)
  8481a4   8481a4       30     2         /Users/akashanand/Claude_Whip/firmware/unified/research-20260925-uart-mux-fit-lead-v1/first/control_mailbox.o:(.text.wim_open)
  8481a4   8481a4        0     1                 $t
  8481a5   8481a5       30     1                 wim_open
  8481d4   8481d4       4c     2         /Users/akashanand/Claude_Whip/firmware/unified/research-20260925-uart-mux-fit-lead-v1/first/control_mailbox.o:(.text.wim_close)
  8481d4   8481d4        0     1                 $t
  8481d5   8481d5       4c     1                 wim_close
  848220   848220       34     2         /Users/akashanand/Claude_Whip/firmware/unified/research-20260925-uart-mux-fit-lead-v1/first/control_mailbox.o:(.text.wim_admitted)
  848220   848220        0     1                 $t
  848221   848221       34     1                 wim_admitted
  848254   848254       b4     4         /Users/akashanand/Claude_Whip/firmware/unified/research-20260925-uart-mux-fit-lead-v1/first/control_mailbox.o:(.text.wim_take)
  848254   848254        0     1                 $t
  848255   848255       b4     1                 wim_take
  848304   848304        0     1                 $d
  848308   848308      2e8     4         /Users/akashanand/Claude_Whip/firmware/unified/research-20260925-uart-mux-fit-lead-v1/first/control_owner.o:(.text)
  848308   848308        0     1                 $t
  848309   848309       58     1                 wco_init
  848361   848361       5a     1                 wco_open
  8483bb   8483bb       22     1                 close
  8483dd   8483dd      158     1                 wco_step
  848535   848535       a8     1                 wco_service
  8485dd   8485dd       14     1                 wuw_supervise
  8485e8   8485e8        0     1                 $d
  8485f0   8485f0      4b2     4         /Users/akashanand/Claude_Whip/firmware/unified/research-20260925-uart-mux-fit-lead-v1/first/dispatch.o:(.text)
  8485f0   8485f0        0     1                 $t
  8485f1   8485f1       36     1                 wd_init
  848627   848627       38     1                 wd_open
  84865f   84865f       28     1                 wd_close
  848687   848687       46     1                 close_current
  8486cd   8486cd       36     1                 wd_charging
  848705   848705       c8     1                 wd_tick
  8487c8   8487c8        0     1                 $d
  8487cc   8487cc        0     1                 $t
  8487cd   8487cd       88     1                 ready
  848850   848850        0     1                 $d
  848854   848854        0     1                 $t
  848855   848855      158     1                 wd_receive
  8489a4   8489a4        0     1                 $d
  8489ac   8489ac        0     1                 $t
  8489ad   8489ad       6a     1                 wd_reply_next
  848a17   848a17       8c     1                 wd_reply_sent
  848aa4   848aa4      3ec     4         /Users/akashanand/Claude_Whip/firmware/unified/research-20260925-uart-mux-fit-lead-v1/first/fresh_source.o:(.text)
  848aa4   848aa4        0     1                 $t
  848aa5   848aa5       32     1                 ws_set_bounds
  848ad9   848ad9       90     1                 ws_profile_valid
  848b64   848b64        0     1                 $d
  848b68   848b68        0     1                 $t
  848b69   848b69        a     1                 ws_init
  848b73   848b73       52     1                 ws_start
  848bc5   848bc5       12     1                 ws_stop
  848bd7   848bd7       38     1                 ws_tick
  848c0f   848c0f      282     1                 ws_observe
  848e90   848e90      40c     4         /Users/akashanand/Claude_Whip/firmware/unified/research-20260925-uart-mux-fit-lead-v1/first/health_adapter.o:(.text)
  848e90   848e90        0     1                 $t
  848e91   848e91       10     1                 wh_fail
  848ea1   848ea1       32     1                 wh_init
  848ed3   848ed3       40     1                 wh_begin_quiesce
  848f13   848f13       3c     1                 wh_cancelled
  848f4f   848f4f       34     1                 wh_fenced
  848f83   848f83       20     1                 drained
  848fa3   848fa3       54     1                 wh_stopped
  848ff7   848ff7       1a     1                 wh_quiesced
  849011   849011       1e     1                 quiet
  84902f   84902f       22     1                 wh_retirement_allowed
  849051   849051       64     1                 wh_begin_resume
  8490b5   8490b5       50     1                 wh_resume_ready
  849105   849105       2e     1                 wh_can_commit
  849133   849133       48     1                 wh_commit_health
  84917b   84917b       58     1                 wh_job_begin
  8491d3   8491d3       30     1                 wh_run_begin
  849203   849203       24     1                 ticket_matches
  849227   849227       32     1                 wh_run_end
  849259   849259       1a     1                 wh_result_allowed
  849273   849273       2a     1                 wh_job_end
  84929c   84929c        0     4         /Users/akashanand/Claude_Whip/firmware/unified/research-20260925-uart-mux-fit-lead-v1/first/runtime.o:(.text)
  84929c   84929c       2c     2         /Users/akashanand/Claude_Whip/firmware/unified/research-20260925-uart-mux-fit-lead-v1/first/runtime.o:(.text.wr_tick)
  84929c   84929c        0     1                 $t
  84929d   84929d       2c     1                 wr_tick
  8492c8   8492c8       20     2         /Users/akashanand/Claude_Whip/firmware/unified/research-20260925-uart-mux-fit-lead-v1/first/runtime.o:(.text.discard_if_not_gesture)
  8492c8   8492c8        0     1                 $t
  8492c9   8492c9       20     1                 discard_if_not_gesture
  8492e8   8492e8       14     2         /Users/akashanand/Claude_Whip/firmware/unified/research-20260925-uart-mux-fit-lead-v1/first/runtime.o:(.text.wr_link)
  8492e8   8492e8        0     1                 $t
  8492e9   8492e9       14     1                 wr_link
  8492fc   8492fc       14     2         /Users/akashanand/Claude_Whip/firmware/unified/research-20260925-uart-mux-fit-lead-v1/first/runtime.o:(.text.wr_request)
  8492fc   8492fc        0     1                 $t
  8492fd   8492fd       14     1                 wr_request
  849310   849310       6c     2         /Users/akashanand/Claude_Whip/firmware/unified/research-20260925-uart-mux-fit-lead-v1/first/runtime.o:(.text.wr_complete)
  849310   849310        0     1                 $t
  849311   849311       6c     1                 wr_complete
  84937c   84937c       c8     2         /Users/akashanand/Claude_Whip/firmware/unified/research-20260925-uart-mux-fit-lead-v1/first/runtime.o:(.text.wr_offer)
  84937c   84937c        0     1                 $t
  84937d   84937d       c8     1                 wr_offer
  849444   849444       8c     2         /Users/akashanand/Claude_Whip/firmware/unified/research-20260925-uart-mux-fit-lead-v1/first/runtime.o:(.text.wr_next)
  849444   849444        0     1                 $t
  849445   849445       8c     1                 wr_next
  8494d0   8494d0       68     2         /Users/akashanand/Claude_Whip/firmware/unified/research-20260925-uart-mux-fit-lead-v1/first/runtime.o:(.text.wr_sent)
  8494d0   8494d0        0     1                 $t
  8494d1   8494d1       68     1                 wr_sent
  849538   849538       36     2         /Users/akashanand/Claude_Whip/firmware/unified/research-20260925-uart-mux-fit-lead-v1/first/runtime.o:(.text.wr_renew)
  849538   849538        0     1                 $t
  849539   849539       36     1                 wr_renew
  849570   849570        0     4         /Users/akashanand/Claude_Whip/firmware/unified/research-20260925-uart-mux-fit-lead-v1/first/sample_tap.o:(.text)
  849570   849570       ac     2         /Users/akashanand/Claude_Whip/firmware/unified/research-20260925-uart-mux-fit-lead-v1/first/sample_tap.o:(.text.wt_offer)
  849570   849570        0     1                 $t
  849571   849571       ac     1                 wt_offer
  84961c   84961c       4c     2         /Users/akashanand/Claude_Whip/firmware/unified/research-20260925-uart-mux-fit-lead-v1/first/sample_tap.o:(.text.wt_take)
  84961c   84961c        0     1                 $t
  84961d   84961d       4c     1                 wt_take
  849668   849668        6     4         /Users/akashanand/Claude_Whip/firmware/unified/research-20260925-uart-mux-fit-lead-v1/first/size-bindings.o:(.text)
  849668   849668        0     1                 $t
  849669   849669        4     1                 wco_monotonic_ms
  84966d   84966d        2     1                 wum_post20
  849670   849670      452     4         /Users/akashanand/Claude_Whip/firmware/unified/research-20260925-uart-mux-fit-lead-v1/first/stock_coordinator.o:(.text)
  849670   849670        0     1                 $t
  849671   849671       1c     1                 wc_init
  84968d   84968d      200     1                 wc_pump
  84988d   84988d       22     1                 context
  8498af   8498af       30     1                 retired_pause
  8498df   8498df       42     1                 closing
  849921   849921       18     1                 failed
  849939   849939       c4     1                 wc_optics_stopped
  8499fd   8499fd       8a     1                 wc_resume_prepared
  849a87   849a87       3c     1                 wc_physical_done
  849ac4   849ac4       94     4         /Users/akashanand/Claude_Whip/firmware/unified/research-20260925-uart-mux-fit-lead-v1/first/stock_optical_io.o:(.text)
  849ac4   849ac4        0     1                 $t
  849ac5   849ac5       94     1                 woi_samples_io
  849b4c   849b4c        0     1                 $d
  849b58   849b58        0     4         /Users/akashanand/Claude_Whip/firmware/unified/research-20260925-uart-mux-fit-lead-v1/first/stock_optical_work.o:(.text)
  849b58   849b58       48     4         /Users/akashanand/Claude_Whip/firmware/unified/research-20260925-uart-mux-fit-lead-v1/first/stock_supervisor_wait.o:(.text)
  849b58   849b58        0     1                 $t
  849b59   849b59       48     1                 wuw_take
  849b9c   849b9c        0     1                 $d
  849ba0   849ba0       30     4         /Users/akashanand/Claude_Whip/firmware/unified/research-20260925-uart-mux-fit-lead-v1/first/stock_transport.o:(.text)
  849ba0   849ba0        0     1                 $t
  849ba1   849ba1       30     1                 wg_stock_notify20
  849bcc   849bcc        0     1                 $d
  849bd0   849bd0      3cc     4         /Users/akashanand/Claude_Whip/firmware/unified/research-20260925-uart-mux-fit-lead-v1/first/wire.o:(.text)
  849bd0   849bd0        0     1                 $t
  849bd1   849bd1       16     1                 ww_get32
  849be7   849be7       14     1                 ww_put32
  849bfd   849bfd       38     1                 ww_crc
  849c2c   849c2c        0     1                 $d
  849c34   849c34        0     1                 $t
  849c35   849c35      118     1                 ww_body_valid
  849d4d   849d4d       a0     1                 ww_pack_control
  849ded   849ded       12     1                 seal
  849dff   849dff       60     1                 ww_rx_begin
  849e5f   849e5f       14     1                 reject
  849e73   849e73       bc     1                 ww_rx_feed
  849f2f   849f2f       6e     1                 ww_pack_motion
  849f9c   849f9c       30     4         /Users/akashanand/Claude_Whip/firmware/unified/research-20260925-uart-mux-fit-lead-v1/first/stock_health_timers.o:(.rodata)
  849f9c   849f9c       30     1                 wht_stop_reviewed.slots
  849fcc   849fcc       10     4 .ARM.exidx
  849fcc   849fcc       10     4         <internal>:(.ARM.exidx)
  849fdc   849fdc        0     1 
       0        0       45     1 .ARM.attributes
       0        0       45     1         /Users/akashanand/Claude_Whip/firmware/unified/research-20260925-uart-mux-fit-lead-v1/first/adapter.o:(.ARM.attributes)
       0        0     1130     4 .symtab
       0        0     1130     4         <internal>:(.symtab)
       0        0      17e     1 .shstrtab
       0        0      17e     1         <internal>:(.shstrtab)
       0        0      9db     1 .strtab
       0        0      9db     1         <internal>:(.strtab)
