firmware/unified/adapter.c:21:wa_init	16	static
firmware/unified/adapter.c:28:wa_prepare	24	static
firmware/unified/adapter.c:37:wa_health_passthrough	8	static
firmware/unified/adapter.c:4:inventory	0	static
firmware/unified/adapter.c:41:wa_health_allowed	8	static
firmware/unified/adapter.c:46:wa_tick	16	static
firmware/unified/adapter.c:15:source_failed	16	static
firmware/unified/adapter.c:8:stop_unless_observing	8	static
firmware/unified/adapter.c:72:wa_link	16	static
firmware/unified/adapter.c:77:wa_request	32	static
firmware/unified/adapter.c:113:wa_cancelled	24	static
firmware/unified/adapter.c:104:health_receipt	24	static
firmware/unified/adapter.c:119:wa_fenced	16	static
firmware/unified/adapter.c:124:wa_optics_stopped	40	static
firmware/unified/adapter.c:140:wa_physical_done	40	static
firmware/unified/adapter.c:98:action_matches	16	static
firmware/unified/adapter.c:170:wa_action_failed	24	static
firmware/unified/adapter.c:178:wa_observe	104	static
firmware/unified/adapter.c:206:wa_begin_resume	24	static
firmware/unified/adapter.c:214:wa_resume_ready	40	static
firmware/unified/adapter.c:223:wa_commit_health	32	static
firmware/unified/adapter.c:253:wa_next	24	static
firmware/unified/adapter.c:261:wa_sent	32	static
firmware/unified/adapter.c:269:wa_renew	24	static
