/tmp/whip-owner-structural.a7K79Z/adapter.c:21:wa_init	16	static
/tmp/whip-owner-structural.a7K79Z/adapter.c:28:wa_prepare	24	static
/tmp/whip-owner-structural.a7K79Z/adapter.c:37:wa_health_passthrough	8	static
/tmp/whip-owner-structural.a7K79Z/adapter.c:4:inventory	0	static
/tmp/whip-owner-structural.a7K79Z/adapter.c:41:wa_health_allowed	8	static
/tmp/whip-owner-structural.a7K79Z/adapter.c:46:wa_tick	16	static
/tmp/whip-owner-structural.a7K79Z/adapter.c:15:source_failed	16	static
/tmp/whip-owner-structural.a7K79Z/adapter.c:8:stop_unless_observing	8	static
/tmp/whip-owner-structural.a7K79Z/adapter.c:72:wa_link	16	static
/tmp/whip-owner-structural.a7K79Z/adapter.c:77:wa_request	32	static
/tmp/whip-owner-structural.a7K79Z/adapter.c:113:wa_cancelled	24	static
/tmp/whip-owner-structural.a7K79Z/adapter.c:104:health_receipt	24	static
/tmp/whip-owner-structural.a7K79Z/adapter.c:119:wa_fenced	16	static
/tmp/whip-owner-structural.a7K79Z/adapter.c:124:wa_optics_stopped	40	static
/tmp/whip-owner-structural.a7K79Z/adapter.c:140:wa_physical_done	40	static
/tmp/whip-owner-structural.a7K79Z/adapter.c:98:action_matches	16	static
/tmp/whip-owner-structural.a7K79Z/adapter.c:170:wa_action_failed	24	static
/tmp/whip-owner-structural.a7K79Z/adapter.c:178:wa_observe	104	static
/tmp/whip-owner-structural.a7K79Z/adapter.c:213:wa_begin_resume	16	static
/tmp/whip-owner-structural.a7K79Z/adapter.c:207:resume_current	16	static
/tmp/whip-owner-structural.a7K79Z/adapter.c:218:wa_resume_ready	40	static
/tmp/whip-owner-structural.a7K79Z/adapter.c:227:wa_commit_health	32	static
/tmp/whip-owner-structural.a7K79Z/adapter.c:254:wa_next	24	static
/tmp/whip-owner-structural.a7K79Z/adapter.c:262:wa_sent	32	static
/tmp/whip-owner-structural.a7K79Z/adapter.c:270:wa_renew	24	static
