firmware/unified/health_adapter.c:32:wh_fail	0	static
firmware/unified/health_adapter.c:37:wh_init	16	static
firmware/unified/health_adapter.c:45:wh_begin_quiesce	8	static
firmware/unified/health_adapter.c:54:wh_cancelled	16	static
firmware/unified/health_adapter.c:60:wh_fenced	16	static
firmware/unified/health_adapter.c:12:drained	0	static
firmware/unified/health_adapter.c:65:wh_stopped	24	static
firmware/unified/health_adapter.c:76:wh_quiesced	8	static
firmware/unified/health_adapter.c:15:quiet	8	static
firmware/unified/health_adapter.c:79:wh_retirement_allowed	8	static
firmware/unified/health_adapter.c:83:wh_begin_resume	24	static
firmware/unified/health_adapter.c:98:wh_resume_ready	16	static
firmware/unified/health_adapter.c:112:wh_can_commit	16	static
firmware/unified/health_adapter.c:116:wh_commit_health	8	static
firmware/unified/health_adapter.c:130:wh_job_begin	16	static
firmware/unified/health_adapter.c:141:wh_run_begin	16	static
firmware/unified/health_adapter.c:18:ticket_matches	16	static
firmware/unified/health_adapter.c:148:wh_run_end	16	static
firmware/unified/health_adapter.c:156:wh_result_allowed	16	static
firmware/unified/health_adapter.c:159:wh_job_end	16	static
