/private/tmp/whip-runtime-stamp-proof.bhbqVC/pytest-final/runtime-stamp160/evidence/negative8/runtime.c:10:wr_init	8	static
/private/tmp/whip-runtime-stamp-proof.bhbqVC/pytest-final/runtime-stamp160/evidence/negative8/runtime.c:16:wr_tick	16	static
/private/tmp/whip-runtime-stamp-proof.bhbqVC/pytest-final/runtime-stamp160/evidence/negative8/runtime.c:3:discard_if_not_gesture	8	static
/private/tmp/whip-runtime-stamp-proof.bhbqVC/pytest-final/runtime-stamp160/evidence/negative8/runtime.c:24:wr_link	16	static
/private/tmp/whip-runtime-stamp-proof.bhbqVC/pytest-final/runtime-stamp160/evidence/negative8/runtime.c:29:wr_request	16	static
/private/tmp/whip-runtime-stamp-proof.bhbqVC/pytest-final/runtime-stamp160/evidence/negative8/runtime.c:35:wr_complete	32	static
/private/tmp/whip-runtime-stamp-proof.bhbqVC/pytest-final/runtime-stamp160/evidence/negative8/runtime.c:51:wr_offer	56	static
/private/tmp/whip-runtime-stamp-proof.bhbqVC/pytest-final/runtime-stamp160/evidence/negative8/runtime.c:74:wr_next	32	static
/private/tmp/whip-runtime-stamp-proof.bhbqVC/pytest-final/runtime-stamp160/evidence/negative8/runtime.c:90:wr_sent	24	static
/private/tmp/whip-runtime-stamp-proof.bhbqVC/pytest-final/runtime-stamp160/evidence/negative8/runtime.c:110:wr_renew	24	static
