     VMA      LMA     Size Align Out     In      Symbol
  827e00   827e00       c4     4 .trial_stock_health_commit
  827e00   827e00       c4     4         /tmp/whip-owner-lto.vFb7OT/native/stock_health_commit.o:(.text)
  827e00   827e00        0     1                 $t
  827e01   827e01       c4     1                 wsc_commit_health
  827ec4   827ec4        0     1 
  827f20   827f20      186     4 .trial_stock_timer_fence
  827f20   827f20      186     4         /tmp/whip-owner-lto.vFb7OT/native/stock_timer_fence.o:(.text)
  827f20   827f20        0     1                 $t
  827f21   827f21       38     1                 wf_init
  827f59   827f59       b8     1                 wf_request
  828004   828004        0     1                 $d
  828010   828010        0     1                 $t
  828011   828011       1e     1                 timer_passed
  82802f   82802f       46     1                 wf_complete
  828075   828075       32     1                 wf_abandon
  8280a6   8280a6        0     1 
  8280b8   8280b8      220     4 .trial_mode_controller
  8280b8   8280b8      220     4         /tmp/whip-owner-lto.vFb7OT/native/mode_controller.o:(.text)
  8280b8   8280b8        0     1                 $t
  8280b9   8280b9        e     1                 wm_init
  8280c7   8280c7       2c     1                 wm_link
  8280f3   8280f3       1a     1                 leave
  82810d   82810d       60     1                 wm_request
  82816d   82816d       3c     1                 wm_tick
  8281a9   8281a9       20     1                 issue
  8281c4   8281c4        0     1                 $d
  8281c8   8281c8        0     1                 $t
  8281c9   8281c9       90     1                 wm_complete
  8281f8   8281f8        0     1                 $d
  8281fe   8281fe        0     1                 $t
  828254   828254        0     1                 $d
  828258   828258        0     1                 $t
  828259   828259       50     1                 wm_renew
  8282a4   8282a4        0     1                 $d
  8282a8   8282a8        0     1                 $t
  8282a9   8282a9        8     1                 wm_optics_allowed
  8282b1   8282b1       1e     1                 wm_stream_failed
  8282cf   8282cf        a     1                 wm_optical_start_allowed
  8282d8   8282d8        0     1 
  829a78   829a78       50     4 .trial_stock_result_commit
  829a78   829a78       50     4         /tmp/whip-owner-lto.vFb7OT/native/stock_result_commit.o:(.text)
  829a78   829a78        0     1                 $t
  829a79   829a79       50     1                 wrc_commit_hr
  829ac4   829ac4        0     1                 $d
  829ac8   829ac8        0     1 
  829ad0   829ad0       30     4 .trial_stock_schedule_settings
  829ad0   829ad0       30     4         /tmp/whip-owner-lto.vFb7OT/native/stock_schedule_settings.o:(.text)
  829ad0   829ad0        0     1                 $t
  829ad1   829ad1       30     1                 wss_read_controls
  829af8   829af8        0     1                 $d
  829b00   829b00        0     1 
  829b30   829b30       98     4 .trial_compiler_runtime
  829b30   829b30       98     4         /tmp/whip-owner-lto.vFb7OT/native/compiler_runtime.o:(.text)
  829b30   829b30        0     1                 $t
  829b31   829b31       10     1                 __aeabi_memclr4
  829b41   829b41       12     1                 __aeabi_memcpy
  829b53   829b53        8     1                 __aeabi_memcpy4
  829b5b   829b5b       26     1                 __aeabi_memmove4
  829b81   829b81       48     1                 __aeabi_uidiv
  829bc8   829bc8        0     1 
  829bcc   829bcc       80     4 .trial_stock_binding
  829bcc   829bcc       80     4         /tmp/whip-owner-lto.vFb7OT/native/stock_binding.o:(.text)
  829bcc   829bcc        0     1                 $t
  829bcd   829bcd       80     1                 wb_stock_stop_writes
  829c3c   829c3c        0     1                 $d
  829c4c   829c4c        0     1 
  82aab8   82aab8      124     4 .trial_stock_health_timers
  82aab8   82aab8      124     4         /tmp/whip-owner-lto.vFb7OT/native/stock_health_timers.o:(.text)
  82aab8   82aab8        0     1                 $t
  82aab9   82aab9       ec     1                 wht_stop_reviewed
  82ab94   82ab94        0     1                 $d
  82aba4   82aba4        0     1                 $t
  82aba5   82aba5       28     1                 ram_span
  82abcd   82abcd       10     1                 wht_stop_scheduled
  82abdc   82abdc        0     1 
  82abec   82abec       40     4 .trial_stock_legacy_gate
  82abec   82abec       40     4         /tmp/whip-owner-lto.vFb7OT/native/stock_legacy_gate.o:(.text)
  82abec   82abec        0     1                 $t
  82abed   82abed       40     1                 wlg_receive
  82ac20   82ac20        0     1                 $d
  82ac2c   82ac2c        0     1 
  847ad0   847ad0     2954     4 .text
  847ad0   847ad0        0     4         /tmp/whip-owner-lto.vFb7OT/direct-oz-append16-LTO-NOT-FIRMWARE.o:(.text)
  847ad0   847ad0        a     2         /tmp/whip-owner-lto.vFb7OT/direct-oz-append16-LTO-NOT-FIRMWARE.o:(.text.wt_init)
  847ad0   847ad0        0     1                 $t
  847ad1   847ad1        a     1                 wt_init
  847ada   847ada       26     2         /tmp/whip-owner-lto.vFb7OT/direct-oz-append16-LTO-NOT-FIRMWARE.o:(.text.wt_start)
  847ada   847ada        0     1                 $t
  847adb   847adb       26     1                 wt_start
  847b00   847b00       12     2         /tmp/whip-owner-lto.vFb7OT/direct-oz-append16-LTO-NOT-FIRMWARE.o:(.text.wt_stop)
  847b00   847b00        0     1                 $t
  847b01   847b01       12     1                 wt_stop
  847b12   847b12       ac     2         /tmp/whip-owner-lto.vFb7OT/direct-oz-append16-LTO-NOT-FIRMWARE.o:(.text.wt_offer)
  847b12   847b12        0     1                 $t
  847b13   847b13       ac     1                 wt_offer
  847bbe   847bbe       4c     2         /tmp/whip-owner-lto.vFb7OT/direct-oz-append16-LTO-NOT-FIRMWARE.o:(.text.wt_take)
  847bbe   847bbe        0     1                 $t
  847bbf   847bbf       4c     1                 wt_take
  847c0a   847c0a       20     2         /tmp/whip-owner-lto.vFb7OT/direct-oz-append16-LTO-NOT-FIRMWARE.o:(.text.wr_init)
  847c0a   847c0a        0     1                 $t
  847c0b   847c0b       20     1                 wr_init
  847c2a   847c2a       2c     2         /tmp/whip-owner-lto.vFb7OT/direct-oz-append16-LTO-NOT-FIRMWARE.o:(.text.wr_tick)
  847c2a   847c2a        0     1                 $t
  847c2b   847c2b       2c     1                 wr_tick
  847c56   847c56       12     2         /tmp/whip-owner-lto.vFb7OT/direct-oz-append16-LTO-NOT-FIRMWARE.o:(.text.discard_if_not_gesture)
  847c56   847c56        0     1                 $t
  847c57   847c57       12     1                 discard_if_not_gesture
  847c68   847c68       14     2         /tmp/whip-owner-lto.vFb7OT/direct-oz-append16-LTO-NOT-FIRMWARE.o:(.text.wr_link)
  847c68   847c68        0     1                 $t
  847c69   847c69       14     1                 wr_link
  847c7c   847c7c       14     2         /tmp/whip-owner-lto.vFb7OT/direct-oz-append16-LTO-NOT-FIRMWARE.o:(.text.wr_request)
  847c7c   847c7c        0     1                 $t
  847c7d   847c7d       14     1                 wr_request
  847c90   847c90       6c     2         /tmp/whip-owner-lto.vFb7OT/direct-oz-append16-LTO-NOT-FIRMWARE.o:(.text.wr_complete)
  847c90   847c90        0     1                 $t
  847c91   847c91       6c     1                 wr_complete
  847cfc   847cfc       c8     2         /tmp/whip-owner-lto.vFb7OT/direct-oz-append16-LTO-NOT-FIRMWARE.o:(.text.wr_offer)
  847cfc   847cfc        0     1                 $t
  847cfd   847cfd       c8     1                 wr_offer
  847dc4   847dc4       8c     2         /tmp/whip-owner-lto.vFb7OT/direct-oz-append16-LTO-NOT-FIRMWARE.o:(.text.wr_next)
  847dc4   847dc4        0     1                 $t
  847dc5   847dc5       8c     1                 wr_next
  847e50   847e50       68     2         /tmp/whip-owner-lto.vFb7OT/direct-oz-append16-LTO-NOT-FIRMWARE.o:(.text.wr_sent)
  847e50   847e50        0     1                 $t
  847e51   847e51       68     1                 wr_sent
  847eb8   847eb8       36     2         /tmp/whip-owner-lto.vFb7OT/direct-oz-append16-LTO-NOT-FIRMWARE.o:(.text.wr_renew)
  847eb8   847eb8        0     1                 $t
  847eb9   847eb9       36     1                 wr_renew
  847eee   847eee       10     2         /tmp/whip-owner-lto.vFb7OT/direct-oz-append16-LTO-NOT-FIRMWARE.o:(.text.wh_fail)
  847eee   847eee        0     1                 $t
  847eef   847eef       10     1                 wh_fail
  847efe   847efe       32     2         /tmp/whip-owner-lto.vFb7OT/direct-oz-append16-LTO-NOT-FIRMWARE.o:(.text.wh_init)
  847efe   847efe        0     1                 $t
  847eff   847eff       32     1                 wh_init
  847f30   847f30       40     2         /tmp/whip-owner-lto.vFb7OT/direct-oz-append16-LTO-NOT-FIRMWARE.o:(.text.wh_begin_quiesce)
  847f30   847f30        0     1                 $t
  847f31   847f31       40     1                 wh_begin_quiesce
  847f70   847f70       3c     2         /tmp/whip-owner-lto.vFb7OT/direct-oz-append16-LTO-NOT-FIRMWARE.o:(.text.wh_cancelled)
  847f70   847f70        0     1                 $t
  847f71   847f71       3c     1                 wh_cancelled
  847fac   847fac       34     2         /tmp/whip-owner-lto.vFb7OT/direct-oz-append16-LTO-NOT-FIRMWARE.o:(.text.wh_fenced)
  847fac   847fac        0     1                 $t
  847fad   847fad       34     1                 wh_fenced
  847fe0   847fe0       20     2         /tmp/whip-owner-lto.vFb7OT/direct-oz-append16-LTO-NOT-FIRMWARE.o:(.text.drained)
  847fe0   847fe0        0     1                 $t
  847fe1   847fe1       20     1                 drained
  848000   848000       54     2         /tmp/whip-owner-lto.vFb7OT/direct-oz-append16-LTO-NOT-FIRMWARE.o:(.text.wh_stopped)
  848000   848000        0     1                 $t
  848001   848001       54     1                 wh_stopped
  848054   848054       1a     2         /tmp/whip-owner-lto.vFb7OT/direct-oz-append16-LTO-NOT-FIRMWARE.o:(.text.wh_quiesced)
  848054   848054        0     1                 $t
  848055   848055       1a     1                 wh_quiesced
  84806e   84806e       1e     2         /tmp/whip-owner-lto.vFb7OT/direct-oz-append16-LTO-NOT-FIRMWARE.o:(.text.quiet)
  84806e   84806e        0     1                 $t
  84806f   84806f       1e     1                 quiet
  84808c   84808c       22     2         /tmp/whip-owner-lto.vFb7OT/direct-oz-append16-LTO-NOT-FIRMWARE.o:(.text.wh_retirement_allowed)
  84808c   84808c        0     1                 $t
  84808d   84808d       22     1                 wh_retirement_allowed
  8480ae   8480ae       64     2         /tmp/whip-owner-lto.vFb7OT/direct-oz-append16-LTO-NOT-FIRMWARE.o:(.text.wh_begin_resume)
  8480ae   8480ae        0     1                 $t
  8480af   8480af       64     1                 wh_begin_resume
  848112   848112       50     2         /tmp/whip-owner-lto.vFb7OT/direct-oz-append16-LTO-NOT-FIRMWARE.o:(.text.wh_resume_ready)
  848112   848112        0     1                 $t
  848113   848113       50     1                 wh_resume_ready
  848162   848162       2e     2         /tmp/whip-owner-lto.vFb7OT/direct-oz-append16-LTO-NOT-FIRMWARE.o:(.text.wh_can_commit)
  848162   848162        0     1                 $t
  848163   848163       2e     1                 wh_can_commit
  848190   848190       48     2         /tmp/whip-owner-lto.vFb7OT/direct-oz-append16-LTO-NOT-FIRMWARE.o:(.text.wh_commit_health)
  848190   848190        0     1                 $t
  848191   848191       48     1                 wh_commit_health
  8481d8   8481d8       56     2         /tmp/whip-owner-lto.vFb7OT/direct-oz-append16-LTO-NOT-FIRMWARE.o:(.text.wh_job_begin)
  8481d8   8481d8        0     1                 $t
  8481d9   8481d9       56     1                 wh_job_begin
  84822e   84822e       30     2         /tmp/whip-owner-lto.vFb7OT/direct-oz-append16-LTO-NOT-FIRMWARE.o:(.text.wh_run_begin)
  84822e   84822e        0     1                 $t
  84822f   84822f       30     1                 wh_run_begin
  84825e   84825e       24     2         /tmp/whip-owner-lto.vFb7OT/direct-oz-append16-LTO-NOT-FIRMWARE.o:(.text.ticket_matches)
  84825e   84825e        0     1                 $t
  84825f   84825f       24     1                 ticket_matches
  848282   848282       32     2         /tmp/whip-owner-lto.vFb7OT/direct-oz-append16-LTO-NOT-FIRMWARE.o:(.text.wh_run_end)
  848282   848282        0     1                 $t
  848283   848283       32     1                 wh_run_end
  8482b4   8482b4       1a     2         /tmp/whip-owner-lto.vFb7OT/direct-oz-append16-LTO-NOT-FIRMWARE.o:(.text.wh_result_allowed)
  8482b4   8482b4        0     1                 $t
  8482b5   8482b5       1a     1                 wh_result_allowed
  8482ce   8482ce       2a     2         /tmp/whip-owner-lto.vFb7OT/direct-oz-append16-LTO-NOT-FIRMWARE.o:(.text.wh_job_end)
  8482ce   8482ce        0     1                 $t
  8482cf   8482cf       2a     1                 wh_job_end
  8482f8   8482f8       32     2         /tmp/whip-owner-lto.vFb7OT/direct-oz-append16-LTO-NOT-FIRMWARE.o:(.text.ws_set_bounds)
  8482f8   8482f8        0     1                 $t
  8482f9   8482f9       32     1                 ws_set_bounds
  84832c   84832c       90     4         /tmp/whip-owner-lto.vFb7OT/direct-oz-append16-LTO-NOT-FIRMWARE.o:(.text.ws_profile_valid)
  84832c   84832c        0     1                 $t
  84832d   84832d       90     1                 ws_profile_valid
  8483b8   8483b8        0     1                 $d
  8483bc   8483bc        a     2         /tmp/whip-owner-lto.vFb7OT/direct-oz-append16-LTO-NOT-FIRMWARE.o:(.text.ws_init)
  8483bc   8483bc        0     1                 $t
  8483bd   8483bd        a     1                 ws_init
  8483c6   8483c6       52     2         /tmp/whip-owner-lto.vFb7OT/direct-oz-append16-LTO-NOT-FIRMWARE.o:(.text.ws_start)
  8483c6   8483c6        0     1                 $t
  8483c7   8483c7       52     1                 ws_start
  848418   848418       12     2         /tmp/whip-owner-lto.vFb7OT/direct-oz-append16-LTO-NOT-FIRMWARE.o:(.text.ws_stop)
  848418   848418        0     1                 $t
  848419   848419       12     1                 ws_stop
  84842a   84842a       38     2         /tmp/whip-owner-lto.vFb7OT/direct-oz-append16-LTO-NOT-FIRMWARE.o:(.text.ws_tick)
  84842a   84842a        0     1                 $t
  84842b   84842b       38     1                 ws_tick
  848462   848462      276     2         /tmp/whip-owner-lto.vFb7OT/direct-oz-append16-LTO-NOT-FIRMWARE.o:(.text.ws_observe)
  848462   848462        0     1                 $t
  848463   848463      276     1                 ws_observe
  8486d8   8486d8       34     2         /tmp/whip-owner-lto.vFb7OT/direct-oz-append16-LTO-NOT-FIRMWARE.o:(.text.wa_init)
  8486d8   8486d8        0     1                 $t
  8486d9   8486d9       34     1                 wa_init
  84870c   84870c       44     2         /tmp/whip-owner-lto.vFb7OT/direct-oz-append16-LTO-NOT-FIRMWARE.o:(.text.wa_prepare)
  84870c   84870c        0     1                 $t
  84870d   84870d       44     1                 wa_prepare
  848750   848750       18     2         /tmp/whip-owner-lto.vFb7OT/direct-oz-append16-LTO-NOT-FIRMWARE.o:(.text.wa_health_passthrough)
  848750   848750        0     1                 $t
  848751   848751       18     1                 wa_health_passthrough
  848768   848768       1c     2         /tmp/whip-owner-lto.vFb7OT/direct-oz-append16-LTO-NOT-FIRMWARE.o:(.text.inventory)
  848768   848768        0     1                 $t
  848769   848769       1c     1                 inventory
  848784   848784       2a     2         /tmp/whip-owner-lto.vFb7OT/direct-oz-append16-LTO-NOT-FIRMWARE.o:(.text.wa_health_allowed)
  848784   848784        0     1                 $t
  848785   848785       2a     1                 wa_health_allowed
  8487ae   8487ae       80     2         /tmp/whip-owner-lto.vFb7OT/direct-oz-append16-LTO-NOT-FIRMWARE.o:(.text.wa_tick)
  8487ae   8487ae        0     1                 $t
  8487af   8487af       80     1                 wa_tick
  84882e   84882e       1a     2         /tmp/whip-owner-lto.vFb7OT/direct-oz-append16-LTO-NOT-FIRMWARE.o:(.text.source_failed)
  84882e   84882e        0     1                 $t
  84882f   84882f       1a     1                 source_failed
  848848   848848       1a     2         /tmp/whip-owner-lto.vFb7OT/direct-oz-append16-LTO-NOT-FIRMWARE.o:(.text.stop_unless_observing)
  848848   848848        0     1                 $t
  848849   848849       1a     1                 stop_unless_observing
  848862   848862       14     2         /tmp/whip-owner-lto.vFb7OT/direct-oz-append16-LTO-NOT-FIRMWARE.o:(.text.wa_link)
  848862   848862        0     1                 $t
  848863   848863       14     1                 wa_link
  848876   848876       9e     2         /tmp/whip-owner-lto.vFb7OT/direct-oz-append16-LTO-NOT-FIRMWARE.o:(.text.wa_request)
  848876   848876        0     1                 $t
  848877   848877       9e     1                 wa_request
  848914   848914       2a     2         /tmp/whip-owner-lto.vFb7OT/direct-oz-append16-LTO-NOT-FIRMWARE.o:(.text.wa_cancelled)
  848914   848914        0     1                 $t
  848915   848915       2a     1                 wa_cancelled
  84893e   84893e       44     2         /tmp/whip-owner-lto.vFb7OT/direct-oz-append16-LTO-NOT-FIRMWARE.o:(.text.health_receipt)
  84893e   84893e        0     1                 $t
  84893f   84893f       44     1                 health_receipt
  848982   848982       24     2         /tmp/whip-owner-lto.vFb7OT/direct-oz-append16-LTO-NOT-FIRMWARE.o:(.text.wa_fenced)
  848982   848982        0     1                 $t
  848983   848983       24     1                 wa_fenced
  8489a6   8489a6       7c     2         /tmp/whip-owner-lto.vFb7OT/direct-oz-append16-LTO-NOT-FIRMWARE.o:(.text.wa_optics_stopped)
  8489a6   8489a6        0     1                 $t
  8489a7   8489a7       7c     1                 wa_optics_stopped
  848a22   848a22       c4     2         /tmp/whip-owner-lto.vFb7OT/direct-oz-append16-LTO-NOT-FIRMWARE.o:(.text.wa_physical_done)
  848a22   848a22        0     1                 $t
  848a23   848a23       c4     1                 wa_physical_done
  848ae6   848ae6       24     2         /tmp/whip-owner-lto.vFb7OT/direct-oz-append16-LTO-NOT-FIRMWARE.o:(.text.action_matches)
  848ae6   848ae6        0     1                 $t
  848ae7   848ae7       24     1                 action_matches
  848b0a   848b0a       30     2         /tmp/whip-owner-lto.vFb7OT/direct-oz-append16-LTO-NOT-FIRMWARE.o:(.text.wa_action_failed)
  848b0a   848b0a        0     1                 $t
  848b0b   848b0b       30     1                 wa_action_failed
  848b3c   848b3c       b8     4         /tmp/whip-owner-lto.vFb7OT/direct-oz-append16-LTO-NOT-FIRMWARE.o:(.text.wa_observe)
  848b3c   848b3c        0     1                 $t
  848b3d   848b3d       b8     1                 wa_observe
  848b88   848b88        0     1                 $d
  848b98   848b98        0     1                 $t
  848bf4   848bf4       42     2         /tmp/whip-owner-lto.vFb7OT/direct-oz-append16-LTO-NOT-FIRMWARE.o:(.text.wa_begin_resume)
  848bf4   848bf4        0     1                 $t
  848bf5   848bf5       42     1                 wa_begin_resume
  848c36   848c36       48     2         /tmp/whip-owner-lto.vFb7OT/direct-oz-append16-LTO-NOT-FIRMWARE.o:(.text.wa_resume_ready)
  848c36   848c36        0     1                 $t
  848c37   848c37       48     1                 wa_resume_ready
  848c7e   848c7e       a6     2         /tmp/whip-owner-lto.vFb7OT/direct-oz-append16-LTO-NOT-FIRMWARE.o:(.text.wa_commit_health)
  848c7e   848c7e        0     1                 $t
  848c7f   848c7f       a6     1                 wa_commit_health
  848d24   848d24       34     2         /tmp/whip-owner-lto.vFb7OT/direct-oz-append16-LTO-NOT-FIRMWARE.o:(.text.wa_next)
  848d24   848d24        0     1                 $t
  848d25   848d25       34     1                 wa_next
  848d58   848d58       38     2         /tmp/whip-owner-lto.vFb7OT/direct-oz-append16-LTO-NOT-FIRMWARE.o:(.text.wa_sent)
  848d58   848d58        0     1                 $t
  848d59   848d59       38     1                 wa_sent
  848d90   848d90       34     2         /tmp/whip-owner-lto.vFb7OT/direct-oz-append16-LTO-NOT-FIRMWARE.o:(.text.wa_renew)
  848d90   848d90        0     1                 $t
  848d91   848d91       34     1                 wa_renew
  848dc4   848dc4       16     2         /tmp/whip-owner-lto.vFb7OT/direct-oz-append16-LTO-NOT-FIRMWARE.o:(.text.ww_get32)
  848dc4   848dc4        0     1                 $t
  848dc5   848dc5       16     1                 ww_get32
  848dda   848dda       14     2         /tmp/whip-owner-lto.vFb7OT/direct-oz-append16-LTO-NOT-FIRMWARE.o:(.text.ww_put32)
  848dda   848dda        0     1                 $t
  848ddb   848ddb       14     1                 ww_put32
  848df0   848df0       38     4         /tmp/whip-owner-lto.vFb7OT/direct-oz-append16-LTO-NOT-FIRMWARE.o:(.text.ww_crc)
  848df0   848df0        0     1                 $t
  848df1   848df1       38     1                 ww_crc
  848e20   848e20        0     1                 $d
  848e28   848e28      118     2         /tmp/whip-owner-lto.vFb7OT/direct-oz-append16-LTO-NOT-FIRMWARE.o:(.text.ww_body_valid)
  848e28   848e28        0     1                 $t
  848e29   848e29      118     1                 ww_body_valid
  848f40   848f40       a0     2         /tmp/whip-owner-lto.vFb7OT/direct-oz-append16-LTO-NOT-FIRMWARE.o:(.text.ww_pack_control)
  848f40   848f40        0     1                 $t
  848f41   848f41       a0     1                 ww_pack_control
  848fe0   848fe0       12     2         /tmp/whip-owner-lto.vFb7OT/direct-oz-append16-LTO-NOT-FIRMWARE.o:(.text.seal)
  848fe0   848fe0        0     1                 $t
  848fe1   848fe1       12     1                 seal
  848ff2   848ff2       60     2         /tmp/whip-owner-lto.vFb7OT/direct-oz-append16-LTO-NOT-FIRMWARE.o:(.text.ww_rx_begin)
  848ff2   848ff2        0     1                 $t
  848ff3   848ff3       60     1                 ww_rx_begin
  849052   849052       14     2         /tmp/whip-owner-lto.vFb7OT/direct-oz-append16-LTO-NOT-FIRMWARE.o:(.text.reject)
  849052   849052        0     1                 $t
  849053   849053       14     1                 reject
  849066   849066       bc     2         /tmp/whip-owner-lto.vFb7OT/direct-oz-append16-LTO-NOT-FIRMWARE.o:(.text.ww_rx_feed)
  849066   849066        0     1                 $t
  849067   849067       bc     1                 ww_rx_feed
  849122   849122       6e     2         /tmp/whip-owner-lto.vFb7OT/direct-oz-append16-LTO-NOT-FIRMWARE.o:(.text.ww_pack_motion)
  849122   849122        0     1                 $t
  849123   849123       6e     1                 ww_pack_motion
  849190   849190       36     2         /tmp/whip-owner-lto.vFb7OT/direct-oz-append16-LTO-NOT-FIRMWARE.o:(.text.wd_init)
  849190   849190        0     1                 $t
  849191   849191       36     1                 wd_init
  8491c6   8491c6       38     2         /tmp/whip-owner-lto.vFb7OT/direct-oz-append16-LTO-NOT-FIRMWARE.o:(.text.wd_open)
  8491c6   8491c6        0     1                 $t
  8491c7   8491c7       38     1                 wd_open
  8491fe   8491fe       28     2         /tmp/whip-owner-lto.vFb7OT/direct-oz-append16-LTO-NOT-FIRMWARE.o:(.text.wd_close)
  8491fe   8491fe        0     1                 $t
  8491ff   8491ff       28     1                 wd_close
  849226   849226       46     2         /tmp/whip-owner-lto.vFb7OT/direct-oz-append16-LTO-NOT-FIRMWARE.o:(.text.close_current)
  849226   849226        0     1                 $t
  849227   849227       46     1                 close_current
  84926c   84926c       36     2         /tmp/whip-owner-lto.vFb7OT/direct-oz-append16-LTO-NOT-FIRMWARE.o:(.text.wd_charging)
  84926c   84926c        0     1                 $t
  84926d   84926d       36     1                 wd_charging
  8492a4   8492a4       c8     4         /tmp/whip-owner-lto.vFb7OT/direct-oz-append16-LTO-NOT-FIRMWARE.o:(.text.wd_tick)
  8492a4   8492a4        0     1                 $t
  8492a5   8492a5       c8     1                 wd_tick
  849368   849368        0     1                 $d
  84936c   84936c       88     4         /tmp/whip-owner-lto.vFb7OT/direct-oz-append16-LTO-NOT-FIRMWARE.o:(.text.ready)
  84936c   84936c        0     1                 $t
  84936d   84936d       88     1                 ready
  8493f0   8493f0        0     1                 $d
  8493f4   8493f4      164     4         /tmp/whip-owner-lto.vFb7OT/direct-oz-append16-LTO-NOT-FIRMWARE.o:(.text.wd_receive)
  8493f4   8493f4        0     1                 $t
  8493f5   8493f5      164     1                 wd_receive
  849550   849550        0     1                 $d
  849558   849558       6a     2         /tmp/whip-owner-lto.vFb7OT/direct-oz-append16-LTO-NOT-FIRMWARE.o:(.text.wd_reply_next)
  849558   849558        0     1                 $t
  849559   849559       6a     1                 wd_reply_next
  8495c2   8495c2       8c     2         /tmp/whip-owner-lto.vFb7OT/direct-oz-append16-LTO-NOT-FIRMWARE.o:(.text.wd_reply_sent)
  8495c2   8495c2        0     1                 $t
  8495c3   8495c3       8c     1                 wd_reply_sent
  849650   849650       80     4         /tmp/whip-owner-lto.vFb7OT/direct-oz-append16-LTO-NOT-FIRMWARE.o:(.text.wg_stock_add)
  849650   849650        0     1                 $t
  849651   849651       80     1                 wg_stock_add
  8496c8   8496c8        0     1                 $d
  8496d0   8496d0       30     4         /tmp/whip-owner-lto.vFb7OT/direct-oz-append16-LTO-NOT-FIRMWARE.o:(.text.wg_stock_notify20)
  8496d0   8496d0        0     1                 $t
  8496d1   8496d1       30     1                 wg_stock_notify20
  8496fc   8496fc        0     1                 $d
  849700   849700       bc     4         /tmp/whip-owner-lto.vFb7OT/direct-oz-append16-LTO-NOT-FIRMWARE.o:(.text.wop_read)
  849700   849700        0     1                 $t
  849701   849701       bc     1                 wop_read
  8497b8   8497b8        0     1                 $d
  8497bc   8497bc       3c     4         /tmp/whip-owner-lto.vFb7OT/direct-oz-append16-LTO-NOT-FIRMWARE.o:(.text.enter)
  8497bc   8497bc        0     1                 $t
  8497bd   8497bd       3c     1                 enter
  8497f4   8497f4        0     1                 $d
  8497f8   8497f8       4c     4         /tmp/whip-owner-lto.vFb7OT/direct-oz-append16-LTO-NOT-FIRMWARE.o:(.text.wop_retire)
  8497f8   8497f8        0     1                 $t
  8497f9   8497f9       4c     1                 wop_retire
  849840   849840        0     1                 $d
  849844   849844       94     4         /tmp/whip-owner-lto.vFb7OT/direct-oz-append16-LTO-NOT-FIRMWARE.o:(.text.woi_samples_io)
  849844   849844        0     1                 $t
  849845   849845       94     1                 woi_samples_io
  8498cc   8498cc        0     1                 $d
  8498d8   8498d8       1c     2         /tmp/whip-owner-lto.vFb7OT/direct-oz-append16-LTO-NOT-FIRMWARE.o:(.text.wc_init)
  8498d8   8498d8        0     1                 $t
  8498d9   8498d9       1c     1                 wc_init
  8498f4   8498f4      1f2     2         /tmp/whip-owner-lto.vFb7OT/direct-oz-append16-LTO-NOT-FIRMWARE.o:(.text.wc_pump)
  8498f4   8498f4        0     1                 $t
  8498f5   8498f5      1f2     1                 wc_pump
  849ae6   849ae6       22     2         /tmp/whip-owner-lto.vFb7OT/direct-oz-append16-LTO-NOT-FIRMWARE.o:(.text.context)
  849ae6   849ae6        0     1                 $t
  849ae7   849ae7       22     1                 context
  849b08   849b08       30     2         /tmp/whip-owner-lto.vFb7OT/direct-oz-append16-LTO-NOT-FIRMWARE.o:(.text.retired_pause)
  849b08   849b08        0     1                 $t
  849b09   849b09       30     1                 retired_pause
  849b38   849b38       42     2         /tmp/whip-owner-lto.vFb7OT/direct-oz-append16-LTO-NOT-FIRMWARE.o:(.text.closing)
  849b38   849b38        0     1                 $t
  849b39   849b39       42     1                 closing
  849b7a   849b7a       18     2         /tmp/whip-owner-lto.vFb7OT/direct-oz-append16-LTO-NOT-FIRMWARE.o:(.text.failed)
  849b7a   849b7a        0     1                 $t
  849b7b   849b7b       18     1                 failed
  849b92   849b92       c4     2         /tmp/whip-owner-lto.vFb7OT/direct-oz-append16-LTO-NOT-FIRMWARE.o:(.text.wc_optics_stopped)
  849b92   849b92        0     1                 $t
  849b93   849b93       c4     1                 wc_optics_stopped
  849c56   849c56       8a     2         /tmp/whip-owner-lto.vFb7OT/direct-oz-append16-LTO-NOT-FIRMWARE.o:(.text.wc_resume_prepared)
  849c56   849c56        0     1                 $t
  849c57   849c57       8a     1                 wc_resume_prepared
  849ce0   849ce0       3c     2         /tmp/whip-owner-lto.vFb7OT/direct-oz-append16-LTO-NOT-FIRMWARE.o:(.text.wc_physical_done)
  849ce0   849ce0        0     1                 $t
  849ce1   849ce1       3c     1                 wc_physical_done
  849d1c   849d1c       58     4         /tmp/whip-owner-lto.vFb7OT/direct-oz-append16-LTO-NOT-FIRMWARE.o:(.text.wdi_encode)
  849d1c   849d1c        0     1                 $t
  849d1d   849d1d       58     1                 wdi_encode
  849d70   849d70        0     1                 $d
  849d74   849d74       22     2         /tmp/whip-owner-lto.vFb7OT/direct-oz-append16-LTO-NOT-FIRMWARE.o:(.text.wdi_read)
  849d74   849d74        0     1                 $t
  849d75   849d75       22     1                 wdi_read
  849d96   849d96        e     2         /tmp/whip-owner-lto.vFb7OT/direct-oz-append16-LTO-NOT-FIRMWARE.o:(.text.wim_init)
  849d96   849d96        0     1                 $t
  849d97   849d97        e     1                 wim_init
  849da4   849da4       30     2         /tmp/whip-owner-lto.vFb7OT/direct-oz-append16-LTO-NOT-FIRMWARE.o:(.text.wim_open)
  849da4   849da4        0     1                 $t
  849da5   849da5       30     1                 wim_open
  849dd4   849dd4       82     2         /tmp/whip-owner-lto.vFb7OT/direct-oz-append16-LTO-NOT-FIRMWARE.o:(.text.wim_post)
  849dd4   849dd4        0     1                 $t
  849dd5   849dd5       82     1                 wim_post
  849e56   849e56       4e     2         /tmp/whip-owner-lto.vFb7OT/direct-oz-append16-LTO-NOT-FIRMWARE.o:(.text.wim_close)
  849e56   849e56        0     1                 $t
  849e57   849e57       4e     1                 wim_close
  849ea4   849ea4       34     2         /tmp/whip-owner-lto.vFb7OT/direct-oz-append16-LTO-NOT-FIRMWARE.o:(.text.wim_admitted)
  849ea4   849ea4        0     1                 $t
  849ea5   849ea5       34     1                 wim_admitted
  849ed8   849ed8       b4     4         /tmp/whip-owner-lto.vFb7OT/direct-oz-append16-LTO-NOT-FIRMWARE.o:(.text.wim_take)
  849ed8   849ed8        0     1                 $t
  849ed9   849ed9       b4     1                 wim_take
  849f88   849f88        0     1                 $d
  849f8c   849f8c       40     2         /tmp/whip-owner-lto.vFb7OT/direct-oz-append16-LTO-NOT-FIRMWARE.o:(.text.wim_retire)
  849f8c   849f8c        0     1                 $t
  849f8d   849f8d       40     1                 wim_retire
  849fcc   849fcc       48     4         /tmp/whip-owner-lto.vFb7OT/direct-oz-append16-LTO-NOT-FIRMWARE.o:(.text.wuw_take)
  849fcc   849fcc        0     1                 $t
  849fcd   849fcd       48     1                 wuw_take
  84a010   84a010        0     1                 $d
  84a014   84a014       64     2         /tmp/whip-owner-lto.vFb7OT/direct-oz-append16-LTO-NOT-FIRMWARE.o:(.text.wco_init)
  84a014   84a014        0     1                 $t
  84a015   84a015       64     1                 wco_init
  84a078   84a078       5a     2         /tmp/whip-owner-lto.vFb7OT/direct-oz-append16-LTO-NOT-FIRMWARE.o:(.text.wco_open)
  84a078   84a078        0     1                 $t
  84a079   84a079       5a     1                 wco_open
  84a0d2   84a0d2       22     2         /tmp/whip-owner-lto.vFb7OT/direct-oz-append16-LTO-NOT-FIRMWARE.o:(.text.close)
  84a0d2   84a0d2        0     1                 $t
  84a0d3   84a0d3       22     1                 close
  84a0f4   84a0f4      158     2         /tmp/whip-owner-lto.vFb7OT/direct-oz-append16-LTO-NOT-FIRMWARE.o:(.text.wco_step)
  84a0f4   84a0f4        0     1                 $t
  84a0f5   84a0f5      158     1                 wco_step
  84a24c   84a24c       a4     2         /tmp/whip-owner-lto.vFb7OT/direct-oz-append16-LTO-NOT-FIRMWARE.o:(.text.wco_service)
  84a24c   84a24c        0     1                 $t
  84a24d   84a24d       a4     1                 wco_service
  84a2f0   84a2f0       14     4         /tmp/whip-owner-lto.vFb7OT/direct-oz-append16-LTO-NOT-FIRMWARE.o:(.text.wuw_supervise)
  84a2f0   84a2f0        0     1                 $t
  84a2f1   84a2f1       14     1                 wuw_supervise
  84a2fc   84a2fc        0     1                 $d
  84a304   84a304       30     4         /tmp/whip-owner-lto.vFb7OT/native/stock_health_timers.o:(.rodata)
  84a304   84a304       30     1                 wht_stop_reviewed.slots
  84a334   84a334       10     1         /tmp/whip-owner-lto.vFb7OT/direct-oz-append16-LTO-NOT-FIRMWARE.o:(.rodata.wgd_service_uuid)
  84a334   84a334       10     1                 wgd_service_uuid
  84a344   84a344       e0     4         /tmp/whip-owner-lto.vFb7OT/direct-oz-append16-LTO-NOT-FIRMWARE.o:(.rodata.wgd_database)
  84a344   84a344       e0     1                 wgd_database
  84a424   84a424       10     4 .ARM.exidx
  84a424   84a424       10     4         <internal>:(.ARM.exidx)
  84a434   84a434        0     1 
       0        0       45     1 .ARM.attributes
       0        0       45     1         /tmp/whip-owner-lto.vFb7OT/native/mode_controller.o:(.ARM.attributes)
       0        0     1420     4 .symtab
       0        0     1420     4         <internal>:(.symtab)
       0        0      122     1 .shstrtab
       0        0      122     1         <internal>:(.shstrtab)
       0        0      9d2     1 .strtab
       0        0      9d2     1         <internal>:(.strtab)
