firmware/unified/adapter.c:20:wa_init	16	static
firmware/unified/adapter.c:27:wa_prepare	24	static
firmware/unified/adapter.c:36:wa_health_passthrough	0	static
firmware/unified/adapter.c:40:wa_health_allowed	8	static
firmware/unified/adapter.c:45:wa_tick	16	static
firmware/unified/adapter.c:14:source_failed	16	static
firmware/unified/adapter.c:7:stop_unless_observing	8	static
firmware/unified/adapter.c:71:wa_link	16	static
firmware/unified/adapter.c:76:wa_request	32	static
firmware/unified/adapter.c:112:wa_cancelled	24	static
firmware/unified/adapter.c:103:health_receipt	24	static
firmware/unified/adapter.c:118:wa_fenced	16	static
firmware/unified/adapter.c:123:wa_optics_stopped	40	static
firmware/unified/adapter.c:139:wa_physical_done	40	static
firmware/unified/adapter.c:97:action_matches	16	static
firmware/unified/adapter.c:169:wa_action_failed	24	static
firmware/unified/adapter.c:177:wa_observe	248	static
firmware/unified/adapter.c:205:wa_begin_resume	24	static
firmware/unified/adapter.c:213:wa_resume_ready	40	static
firmware/unified/adapter.c:222:wa_commit_health	32	static
firmware/unified/adapter.c:252:wa_next	24	static
firmware/unified/adapter.c:260:wa_sent	32	static
firmware/unified/adapter.c:268:wa_renew	24	static
