firmware/unified/health_adapter.c:30:wh_fail	0	static
firmware/unified/health_adapter.c:35:wh_init	16	static
firmware/unified/health_adapter.c:43:wh_begin_quiesce	16	static
firmware/unified/health_adapter.c:22:advance	0	static
firmware/unified/health_adapter.c:52:wh_cancelled	16	static
firmware/unified/health_adapter.c:58:wh_fenced	16	static
firmware/unified/health_adapter.c:12:drained	0	static
firmware/unified/health_adapter.c:63:wh_stopped	24	static
firmware/unified/health_adapter.c:74:wh_quiesced	8	static
firmware/unified/health_adapter.c:15:quiet	8	static
firmware/unified/health_adapter.c:77:wh_begin_resume	24	static
firmware/unified/health_adapter.c:92:wh_resume_ready	16	static
firmware/unified/health_adapter.c:106:wh_can_commit	16	static
firmware/unified/health_adapter.c:110:wh_commit_health	8	static
firmware/unified/health_adapter.c:124:wh_job_begin	16	static
firmware/unified/health_adapter.c:135:wh_run_begin	16	static
firmware/unified/health_adapter.c:18:ticket_matches	16	static
firmware/unified/health_adapter.c:142:wh_run_end	16	static
firmware/unified/health_adapter.c:150:wh_result_allowed	16	static
firmware/unified/health_adapter.c:153:wh_job_end	16	static
